fsl_gpio.h:175:20:GPIO_PortSet	16	static
fsl_gpio.h:186:20:GPIO_PortClear	16	static
Encryption_and_Integrity_Layer.c:13:6:Init_EncryptionAndIntegrity	56	static
Encryption_and_Integrity_Layer.c:74:15:encrypt_msg	744	static
Encryption_and_Integrity_Layer.c:116:13:decrypt_msg	752	static
Encryption_and_Integrity_Layer.c:157:5:server_create	16	static
Encryption_and_Integrity_Layer.c:178:7:server_accept	16	static
Encryption_and_Integrity_Layer.c:185:6:close	8	static
Encryption_and_Integrity_Layer.c:190:6:Echo_TCP	40	static
Encryption_and_Integrity_Layer.c:231:6:messageBody	24	static
Encryption_and_Integrity_Layer.c:238:14:get_CRC	32	static
Encryption_and_Integrity_Layer.c:249:13:substr	32	static
Encryption_and_Integrity_Layer.c:258:17:calculate_CRC	24	static
Encryption_and_Integrity_Layer.c:274:13:InitCrc32	32	static
Encryption_and_Integrity_Layer.c:288:13:concatenate_strToSend_CRC	32	static
